Megatron-core is not installed.
[09-01 18:33:59|INFO|../rcm/rcm/utils/umt5.py:495:__init__] loading /home/wangmeiqi/codex_runs/base2_h200_fp8_20260723/wan_runtime/MonarchRT/wan_models/Wan2.1-T2V-1.3B/models_t5_umt5-xxl-enc-bf16.pth
[09-01 18:34:24|INFO|../rcm/rcm/utils/umt5.py:495:__init__] loading /home/wangmeiqi/codex_runs/base2_h200_fp8_20260723/wan_runtime/MonarchRT/wan_models/Wan2.1-T2V-1.3B/models_t5_umt5-xxl-enc-bf16.pth
[09-01 18:34:50|INFO|../rcm/rcm/utils/umt5.py:495:__init__] loading /home/wangmeiqi/codex_runs/base2_h200_fp8_20260723/wan_runtime/MonarchRT/wan_models/Wan2.1-T2V-1.3B/models_t5_umt5-xxl-enc-bf16.pth
[09-01 18:35:06|INFO|../rcm/rcm/utils/umt5.py:495:__init__] loading /home/wangmeiqi/codex_runs/base2_h200_fp8_20260723/wan_runtime/MonarchRT/wan_models/Wan2.1-T2V-1.3B/models_t5_umt5-xxl-enc-bf16.pth
[09-01 18:35:20|INFO|../rcm/rcm/utils/umt5.py:495:__init__] loading /home/wangmeiqi/codex_runs/base2_h200_fp8_20260723/wan_runtime/MonarchRT/wan_models/Wan2.1-T2V-1.3B/models_t5_umt5-xxl-enc-bf16.pth
[09-01 18:35:34|INFO|../rcm/rcm/utils/umt5.py:495:__init__] loading /home/wangmeiqi/codex_runs/base2_h200_fp8_20260723/wan_runtime/MonarchRT/wan_models/Wan2.1-T2V-1.3B/models_t5_umt5-xxl-enc-bf16.pth
[09-01 18:35:50|INFO|../rcm/rcm/utils/umt5.py:495:__init__] loading /home/wangmeiqi/codex_runs/base2_h200_fp8_20260723/wan_runtime/MonarchRT/wan_models/Wan2.1-T2V-1.3B/models_t5_umt5-xxl-enc-bf16.pth
[09-01 18:36:08|INFO|../rcm/rcm/utils/umt5.py:495:__init__] loading /home/wangmeiqi/codex_runs/base2_h200_fp8_20260723/wan_runtime/MonarchRT/wan_models/Wan2.1-T2V-1.3B/models_t5_umt5-xxl-enc-bf16.pth
[09-01 18:36:31|INFO|../rcm/rcm/utils/umt5.py:495:__init__] loading /home/wangmeiqi/codex_runs/base2_h200_fp8_20260723/wan_runtime/MonarchRT/wan_models/Wan2.1-T2V-1.3B/models_t5_umt5-xxl-enc-bf16.pth
[09-01 18:36:48|INFO|../rcm/rcm/utils/umt5.py:495:__init__] loading /home/wangmeiqi/codex_runs/base2_h200_fp8_20260723/wan_runtime/MonarchRT/wan_models/Wan2.1-T2V-1.3B/models_t5_umt5-xxl-enc-bf16.pth
{
  "advance": true,
  "exact": true,
  "minimum_median_saving_seconds": 15.207695015706122,
  "profiles": [
    {
      "exact": true,
      "exact_rows": [
        {
          "negative_equal": null,
          "positive_equal": true,
          "prompt_index": 0
        },
        {
          "negative_equal": null,
          "positive_equal": true,
          "prompt_index": 1
        },
        {
          "negative_equal": null,
          "positive_equal": true,
          "prompt_index": 2
        },
        {
          "negative_equal": null,
          "positive_equal": true,
          "prompt_index": 3
        }
      ],
      "median_reload_seconds": 15.250986494356766,
      "median_resident_seconds": 0.04329147865064442,
      "median_saving_seconds": 15.207695015706122,
      "profile": "positive_only",
      "reload_policy": {
        "cache_negative": false,
        "negative_cache_hits": 0,
        "negative_model_calls": 0,
        "positive_cache_hits": 0,
        "positive_model_calls": 4,
        "resident": false
      },
      "reload_rows": [
        {
          "peak_allocated_mib": 23710.9765625,
          "peak_reserved_mib": 23742.0,
          "prompt_index": 0,
          "seconds": 26.046281810849905
        },
        {
          "peak_allocated_mib": 23714.9765625,
          "peak_reserved_mib": 23742.0,
          "prompt_index": 1,
          "seconds": 16.34194686682895
        },
        {
          "peak_allocated_mib": 23714.9765625,
          "peak_reserved_mib": 23742.0,
          "prompt_index": 2,
          "seconds": 14.160026121884584
        },
        {
          "peak_allocated_mib": 23714.9765625,
          "peak_reserved_mib": 23742.0,
          "prompt_index": 3,
          "seconds": 13.720425604842603
        }
      ],
      "resident_policy": {
        "cache_negative": false,
        "negative_cache_hits": 0,
        "negative_model_calls": 0,
        "positive_cache_hits": 0,
        "positive_model_calls": 4,
        "resident": true
      },
      "resident_rows": [
        {
          "peak_allocated_mib": 11112.48486328125,
          "peak_reserved_mib": 23678.0,
          "prompt_index": 0,
          "seconds": 0.05760678509250283
        },
        {
          "peak_allocated_mib": 11116.48486328125,
          "peak_reserved_mib": 23678.0,
          "prompt_index": 1,
          "seconds": 0.042150726076215506
        },
        {
          "peak_allocated_mib": 11116.48486328125,
          "peak_reserved_mib": 23678.0,
          "prompt_index": 2,
          "seconds": 0.04443223122507334
        },
        {
          "peak_allocated_mib": 11116.78173828125,
          "peak_reserved_mib": 23678.0,
          "prompt_index": 3,
          "seconds": 0.03970250580459833
        }
      ]
    },
    {
      "exact": true,
      "exact_rows": [
        {
          "negative_equal": true,
          "positive_equal": true,
          "prompt_index": 0
        },
        {
          "negative_equal": true,
          "positive_equal": true,
          "prompt_index": 1
        },
        {
          "negative_equal": true,
          "positive_equal": true,
          "prompt_index": 2
        },
        {
          "negative_equal": true,
          "positive_equal": true,
          "prompt_index": 3
        }
      ],
      "median_reload_seconds": 17.514340373221785,
      "median_resident_seconds": 0.06475835805758834,
      "median_saving_seconds": 17.449582015164196,
      "profile": "native_cfg",
      "reload_policy": {
        "cache_negative": false,
        "negative_cache_hits": 0,
        "negative_model_calls": 4,
        "positive_cache_hits": 0,
        "positive_model_calls": 4,
        "resident": false
      },
      "reload_rows": [
        {
          "peak_allocated_mib": 23714.953125,
          "peak_reserved_mib": 23806.0,
          "prompt_index": 0,
          "seconds": 18.031357227358967
        },
        {
          "peak_allocated_mib": 23722.953125,
          "peak_reserved_mib": 23806.0,
          "prompt_index": 1,
          "seconds": 23.28744493983686
        },
        {
          "peak_allocated_mib": 23722.953125,
          "peak_reserved_mib": 23870.0,
          "prompt_index": 2,
          "seconds": 16.997323519084603
        },
        {
          "peak_allocated_mib": 23722.953125,
          "peak_reserved_mib": 23806.0,
          "prompt_index": 3,
          "seconds": 16.626480818726122
        }
      ],
      "resident_policy": {
        "cache_negative": true,
        "negative_cache_hits": 4,
        "negative_model_calls": 1,
        "positive_cache_hits": 0,
        "positive_model_calls": 4,
        "resident": true
      },
      "resident_rows": [
        {
          "peak_allocated_mib": 11116.48486328125,
          "peak_reserved_mib": 23742.0,
          "prompt_index": 0,
          "seconds": 0.06383480643853545
        },
        {
          "peak_allocated_mib": 11120.48486328125,
          "peak_reserved_mib": 23742.0,
          "prompt_index": 1,
          "seconds": 0.10253490693867207
        },
        {
          "peak_allocated_mib": 11120.48486328125,
          "peak_reserved_mib": 23742.0,
          "prompt_index": 2,
          "seconds": 0.05382625898346305
        },
        {
          "peak_allocated_mib": 11120.48486328125,
          "peak_reserved_mib": 23742.0,
          "prompt_index": 3,
          "seconds": 0.06568190967664123
        }
      ]
    }
  ],
  "required_saving_seconds": 5.5
}
