Megatron-core is not installed.
[09-01 18:56:34|INFO|../rcm/rcm/networks/wan2pt1.py:918:enable_selective_checkpoint] Enable selective checkpoint with mm_only, for every 1 blocks. Total blocks: 30
[09-01 18:56:39|INFO|../rcm/rcm/tokenizers/wan2pt1.py:592:_video_vae] loading /home/wangmeiqi/codex_runs/base2_h200_fp8_20260723/wan_runtime/MonarchRT/wan_models/Wan2.1-T2V-1.3B/Wan2.1_VAE.pth
[09-01 18:56:39|INFO|../rcm/rcm/utils/umt5.py:495:__init__] loading /home/wangmeiqi/codex_runs/base2_h200_fp8_20260723/wan_runtime/MonarchRT/wan_models/Wan2.1-T2V-1.3B/models_t5_umt5-xxl-enc-bf16.pth
{
  "checkpoint_identity": "3baa20e8e64c7f1ee6e4a377f5a04b8e4d193e0a1a1241814879a004fd77370a",
  "checkpoint_path": "/opt/data/wangmeiqi/rcm_exp047_20260826/checkpoints/rCM_Wan2.1_T2V_1.3B_480p.pt",
  "load": {
    "checkpoint_path": "/opt/data/wangmeiqi/rcm_exp047_20260826/checkpoints/rCM_Wan2.1_T2V_1.3B_480p.pt",
    "load_seconds": 5.6510042562149465,
    "missing_keys": 0,
    "unexpected_keys": 0
  },
  "method": "rcm4",
  "rows": [
    {
      "cpu_transfer_seconds": 0.25184669625014067,
      "denoiser_seconds": 3.3219538289122283,
      "denoiser_seconds_per_forward": 0.8304884572280571,
      "method": "rcm4",
      "network_forward_calls": 4,
      "peak_allocated_mib": 25213.9033203125,
      "peak_reserved_mib": 38742.0,
      "prompt": "A red fox sprints across a snowy clearing, leaps over a fallen log, lands cleanly, and keeps running while the camera tracks from the side.",
      "prompt_index": 0,
      "request_seconds": 10.007875266019255,
      "sampling_steps": 4,
      "seed": 2026082701,
      "serialization_seconds": 1.8752090721391141,
      "status": "ok",
      "text_seconds": 0.0543708810582757,
      "vae_seconds": 4.5042761717922986,
      "video_file": "p00_rcm4_resident_seed2026082701.mp4"
    },
    {
      "cpu_transfer_seconds": 0.2526526851579547,
      "denoiser_seconds": 3.1907839560881257,
      "denoiser_seconds_per_forward": 0.7976959890220314,
      "method": "rcm4",
      "network_forward_calls": 4,
      "peak_allocated_mib": 25213.8876953125,
      "peak_reserved_mib": 29974.0,
      "prompt": "In a bright kitchen, a chef cracks an egg into a glass bowl, whisks it rapidly, and pours the mixture into a hot pan while utensils remain visible on the counter.",
      "prompt_index": 1,
      "request_seconds": 9.49877315433696,
      "sampling_steps": 4,
      "seed": 2026082701,
      "serialization_seconds": 1.6843910813331604,
      "status": "ok",
      "text_seconds": 0.06158926198258996,
      "vae_seconds": 4.309223304037005,
      "video_file": "p01_rcm4_resident_seed2026082701.mp4"
    },
    {
      "cpu_transfer_seconds": 0.2548294123262167,
      "denoiser_seconds": 3.1956190173514187,
      "denoiser_seconds_per_forward": 0.7989047543378547,
      "method": "rcm4",
      "network_forward_calls": 4,
      "peak_allocated_mib": 25213.8876953125,
      "peak_reserved_mib": 29974.0,
      "prompt": "A low-flying drone moves forward through a narrow coastal canyon, banks smoothly around a rock pillar, and reveals the ocean as the camera continues without a cut.",
      "prompt_index": 2,
      "request_seconds": 9.647779016755521,
      "sampling_steps": 4,
      "seed": 2026082701,
      "serialization_seconds": 1.822578721679747,
      "status": "ok",
      "text_seconds": 0.06725120777264237,
      "vae_seconds": 4.307376398239285,
      "video_file": "p02_rcm4_resident_seed2026082701.mp4"
    },
    {
      "cpu_transfer_seconds": 0.2565252617932856,
      "denoiser_seconds": 3.2151115918532014,
      "denoiser_seconds_per_forward": 0.8037778979633003,
      "method": "rcm4",
      "network_forward_calls": 4,
      "peak_allocated_mib": 25213.8876953125,
      "peak_reserved_mib": 29974.0,
      "prompt": "Macro footage of clear water pouring onto a bed of dark pebbles, forming splashes, bubbles, ripples, and fine droplets under steady natural light.",
      "prompt_index": 3,
      "request_seconds": 9.62821104703471,
      "sampling_steps": 4,
      "seed": 2026082701,
      "serialization_seconds": 1.7695850902236998,
      "status": "ok",
      "text_seconds": 0.08410395588725805,
      "vae_seconds": 4.302742485888302,
      "video_file": "p03_rcm4_resident_seed2026082701.mp4"
    }
  ],
  "summary": {
    "median_cpu_transfer_seconds": 0.2537410487420857,
    "median_denoiser_seconds": 3.20536530460231,
    "median_denoiser_seconds_per_forward": 0.8013413261505775,
    "median_peak_allocated_mib": 25213.8876953125,
    "median_peak_reserved_mib": 29974.0,
    "median_request_seconds": 9.637995031895116,
    "median_serialization_seconds": 1.7960819059517235,
    "median_text_seconds": 0.06442023487761617,
    "median_vae_seconds": 4.308299851138145
  },
  "text_policy": {
    "cache_negative": false,
    "negative_cache_hits": 0,
    "negative_model_calls": 0,
    "positive_cache_hits": 0,
    "positive_model_calls": 4,
    "resident": true
  }
}
