{
  "device": "cpu",
  "elapsed_seconds": 2.8956751823425293,
  "geometry_mask": "s3_temporal_pm2",
  "grid_size": [
    21,
    30,
    52
  ],
  "head_dim": 128,
  "head_mean_metrics": {
    "actual_entropy_support_fraction_mean": 0.39681078555853827,
    "actual_entropy_support_fraction_p05": 0.37045491303069866,
    "actual_entropy_support_fraction_p50": 0.39532072249858174,
    "actual_entropy_support_fraction_p95": 0.42663824634025027,
    "actual_max_probability_mean": 0.03445574291917808,
    "actual_max_probability_p05": 0.024726198796452076,
    "actual_max_probability_p50": 0.032869812423996336,
    "actual_max_probability_p95": 0.04788657281375586,
    "actual_normalized_entropy_mean": 0.7569546392090464,
    "actual_normalized_entropy_p05": 0.7285633622358243,
    "actual_normalized_entropy_p50": 0.757034337768952,
    "actual_normalized_entropy_p95": 0.7879971571266648,
    "actual_participation_support_fraction_mean": 0.34319557852653776,
    "actual_participation_support_fraction_p05": 0.31553695972118784,
    "actual_participation_support_fraction_p50": 0.3437755438571912,
    "actual_participation_support_fraction_p95": 0.3707406591299029,
    "actual_top1024_mass_mean": 0.5147804406830497,
    "actual_top1024_mass_p05": 0.48449927796609704,
    "actual_top1024_mass_p50": 0.513919674170514,
    "actual_top1024_mass_p95": 0.5445933441321054,
    "actual_top256_mass_mean": 0.3982118479931766,
    "actual_top256_mass_p05": 0.3575725816733515,
    "actual_top256_mass_p50": 0.39858149248175323,
    "actual_top256_mass_p95": 0.4333288255923738,
    "actual_top64_mass_mean": 0.2872046780864063,
    "actual_top64_mass_p05": 0.23936564739560703,
    "actual_top64_mass_p50": 0.28597202569168684,
    "actual_top64_mass_p95": 0.33233894023772637,
    "gaussian_entropy_support_fraction_mean": 0.3730868416586877,
    "gaussian_entropy_support_fraction_p05": 0.3486384410372163,
    "gaussian_entropy_support_fraction_p50": 0.36519599270104663,
    "gaussian_entropy_support_fraction_p95": 0.4212712842311399,
    "gaussian_max_probability_mean": 0.1155353275169233,
    "gaussian_max_probability_p05": 0.03437543115487643,
    "gaussian_max_probability_p50": 0.09221257572880859,
    "gaussian_max_probability_p95": 0.28434631246324593,
    "gaussian_normalized_entropy_mean": 0.7002819769195412,
    "gaussian_normalized_entropy_p05": 0.6040974842539678,
    "gaussian_normalized_entropy_p50": 0.7044539377093315,
    "gaussian_normalized_entropy_p95": 0.7763260789215565,
    "gaussian_participation_support_fraction_mean": 0.31872379690346025,
    "gaussian_participation_support_fraction_p05": 0.2980058171305397,
    "gaussian_participation_support_fraction_p50": 0.3137346316264787,
    "gaussian_participation_support_fraction_p95": 0.3542392330130193,
    "gaussian_top1024_mass_mean": 0.5551048797472807,
    "gaussian_top1024_mass_p05": 0.4883188768755646,
    "gaussian_top1024_mass_p50": 0.5636909975049397,
    "gaussian_top1024_mass_p95": 0.597397695404167,
    "gaussian_top256_mass_mean": 0.46484258420969127,
    "gaussian_top256_mass_p05": 0.3842338806212258,
    "gaussian_top256_mass_p50": 0.47091373428702354,
    "gaussian_top256_mass_p95": 0.5283058234180014,
    "gaussian_top64_mass_mean": 0.37899188831882685,
    "gaussian_top64_mass_p05": 0.2863758874843674,
    "gaussian_top64_mass_p50": 0.38037823905081797,
    "gaussian_top64_mass_p95": 0.4693229109883152,
    "geometry_mass_mean": 0.44780489892417563,
    "geometry_mass_p05": 0.3510306454244225,
    "geometry_mass_p50": 0.45086804558134946,
    "geometry_mass_p95": 0.512551692997416,
    "k_eigen_max": 10.543252944946289,
    "k_mp_lower": 0.8788919423236052,
    "k_mp_upper": 1.1289224654908026,
    "k_outliers_above_mp": 34.666666666666664,
    "k_stable_rank": 14.86443061870962,
    "k_top8_energy": 0.3312579609668692,
    "q_eigen_max": 10.93331746260325,
    "q_mp_lower": 0.8788919423236052,
    "q_mp_upper": 1.1289224654908026,
    "q_outliers_above_mp": 34.833333333333336,
    "q_stable_rank": 14.217496924074718,
    "q_top8_energy": 0.35349216135635914
  },
  "heads": 12,
  "interpretation_contract": {
    "gaussian_test": "The matched Gaussian baseline preserves each query's logit mean/std; similar support statistics imply weak content-selective sparsity beyond scale.",
    "mp_test": "Correlation eigenvalues outside the Marchenko-Pastur band indicate channel anisotropy, not token-support sparsity.",
    "scope": "One layer/step/branch replay is a structural screen, not cross-trajectory or end-to-end quality evidence."
  },
  "metadata": {
    "attention_kind": "self",
    "branch": "cond",
    "dtype": "torch.bfloat16",
    "frame_num": 81,
    "grid_size": [
      21,
      30,
      52
    ],
    "input_height": 480,
    "input_width": 832,
    "k_shape": [
      1,
      32760,
      12,
      128
    ],
    "layer": 0,
    "patch_size": [
      1,
      2,
      2
    ],
    "prompt": "A red panda runs through a bamboo forest while the camera tracks smoothly.",
    "prompt_index": 0,
    "q_shape": [
      1,
      32760,
      12,
      128
    ],
    "sample_id": "s00_p00_seed20260740",
    "sample_solver": "unipc",
    "sampling_step": 0,
    "sampling_steps": 20,
    "seed": 20260740,
    "timestep": 999.0,
    "token_count": 32760,
    "token_flatten_order": "t,h,w",
    "v_shape": [
      1,
      32760,
      12,
      128
    ],
    "vae_stride": [
      4,
      8,
      8
    ]
  },
  "python": "3.11.15",
  "query_samples": 128,
  "replay": "/home/wangmeiqi/codex_runs/robuq_structured_probe_20260723/results/geometry_generalization_h200_v2/qkv_replays/s00_p00_seed20260740/s00_p00_seed20260740_step00_t999_cond_l00_self.pt",
  "tokens": 32760,
  "topk": [
    64,
    256,
    1024
  ],
  "torch": "2.9.1+cu128"
}
