-- GPU before --
2026-09-01T19:37:54+08:00
0, NVIDIA GeForce RTX 4090, GPU-cc83c0f3-fe19-63c1-f0a1-595459b5aa9a, 15 MiB, 24564 MiB, 0 %
1, NVIDIA GeForce RTX 4090, GPU-835022fd-3109-e2e1-8452-2455a5f5b07b, 15 MiB, 24564 MiB, 0 %
2, NVIDIA H200 NVL, GPU-63e6b34c-031a-a6b8-2d0c-784a9d963d0b, 10481 MiB, 143771 MiB, 33 %
3, NVIDIA H200 NVL, GPU-4bffd208-6c43-9564-d8fd-76284154138e, 14 MiB, 143771 MiB, 0 %
-- run --
Megatron-core is not installed.
[09-01 19:38:04|INFO|../rcm/rcm/networks/wan2pt1.py:918:enable_selective_checkpoint] Enable selective checkpoint with mm_only, for every 1 blocks. Total blocks: 30
[09-01 19:38:09|INFO|../rcm/rcm/tokenizers/wan2pt1.py:592:_video_vae] loading /home/wangmeiqi/codex_runs/base2_h200_fp8_20260723/wan_runtime/MonarchRT/wan_models/Wan2.1-T2V-1.3B/Wan2.1_VAE.pth
[09-01 19:38:09|INFO|../rcm/rcm/utils/umt5.py:495:__init__] loading /home/wangmeiqi/codex_runs/base2_h200_fp8_20260723/wan_runtime/MonarchRT/wan_models/Wan2.1-T2V-1.3B/models_t5_umt5-xxl-enc-bf16.pth
{
  "advance": true,
  "benchmark": {
    "baseline_median_seconds": 0.89431640625,
    "baseline_rows": [
      {
        "peak_reserved_mib": 86132.0,
        "repeat": 0,
        "seconds": 0.9253576049804687
      },
      {
        "peak_reserved_mib": 86132.0,
        "repeat": 1,
        "seconds": 0.8912311401367188
      },
      {
        "peak_reserved_mib": 86132.0,
        "repeat": 2,
        "seconds": 0.89431640625
      }
    ],
    "candidates": [
      {
        "chunk_size": 1,
        "exactness": {
          "bitwise_equal": true,
          "max_abs": 0.0,
          "relative_l2": 0.0
        },
        "median_seconds": 0.887906494140625,
        "rows": [
          {
            "peak_reserved_mib": 86132.0,
            "repeat": 0,
            "seconds": 0.9257348022460937
          },
          {
            "peak_reserved_mib": 86132.0,
            "repeat": 1,
            "seconds": 0.887906494140625
          },
          {
            "peak_reserved_mib": 86132.0,
            "repeat": 2,
            "seconds": 0.8877577514648437
          }
        ],
        "speedup": 1.0072191296624977
      },
      {
        "chunk_size": 2,
        "exactness": {
          "bitwise_equal": false,
          "max_abs": 0.0859375,
          "relative_l2": 0.0018211315493846698
        },
        "median_seconds": 0.7925811767578125,
        "rows": [
          {
            "peak_reserved_mib": 86132.0,
            "repeat": 0,
            "seconds": 0.8129834594726563
          },
          {
            "peak_reserved_mib": 86132.0,
            "repeat": 1,
            "seconds": 0.792233642578125
          },
          {
            "peak_reserved_mib": 86132.0,
            "repeat": 2,
            "seconds": 0.7925811767578125
          }
        ],
        "speedup": 1.1283593813170691
      },
      {
        "chunk_size": 4,
        "exactness": {
          "bitwise_equal": true,
          "max_abs": 0.0,
          "relative_l2": 0.0
        },
        "median_seconds": 0.7535528564453124,
        "rows": [
          {
            "peak_reserved_mib": 86132.0,
            "repeat": 0,
            "seconds": 0.7535528564453124
          },
          {
            "peak_reserved_mib": 86132.0,
            "repeat": 1,
            "seconds": 0.7552529907226563
          },
          {
            "peak_reserved_mib": 86132.0,
            "repeat": 2,
            "seconds": 0.7534277954101563
          }
        ],
        "speedup": 1.186799835739065
      },
      {
        "chunk_size": 8,
        "exactness": {
          "bitwise_equal": true,
          "max_abs": 0.0,
          "relative_l2": 0.0
        },
        "median_seconds": 0.7535781860351562,
        "rows": [
          {
            "peak_reserved_mib": 86132.0,
            "repeat": 0,
            "seconds": 0.7535781860351562
          },
          {
            "peak_reserved_mib": 86132.0,
            "repeat": 1,
            "seconds": 0.7530565185546875
          },
          {
            "peak_reserved_mib": 86132.0,
            "repeat": 2,
            "seconds": 0.7537359008789063
          }
        ],
        "speedup": 1.1867599445192512
      }
    ],
    "selected_chunk_size": 4,
    "selected_median_seconds": 0.7535528564453124,
    "selected_speedup": 1.186799835739065
  },
  "checkpoint_identity": "3baa20e8e64c7f1ee6e4a377f5a04b8e4d193e0a1a1241814879a004fd77370a",
  "checkpoint_path": "/opt/data/wangmeiqi/rcm_exp047_20260826/checkpoints/rCM_Wan2.1_T2V_1.3B_480p.pt",
  "latent": {
    "network_forward_calls": 4
  },
  "load": {
    "checkpoint_path": "/opt/data/wangmeiqi/rcm_exp047_20260826/checkpoints/rCM_Wan2.1_T2V_1.3B_480p.pt",
    "load_seconds": 5.759704486001283,
    "missing_keys": 0,
    "unexpected_keys": 0
  },
  "selected_chunk_size": 4
}
-- GPU after --
2026-09-01T19:38:48+08:00
0, NVIDIA GeForce RTX 4090, GPU-cc83c0f3-fe19-63c1-f0a1-595459b5aa9a, 15 MiB, 24564 MiB, 0 %
1, NVIDIA GeForce RTX 4090, GPU-835022fd-3109-e2e1-8452-2455a5f5b07b, 15 MiB, 24564 MiB, 0 %
2, NVIDIA H200 NVL, GPU-63e6b34c-031a-a6b8-2d0c-784a9d963d0b, 10481 MiB, 143771 MiB, 40 %
3, NVIDIA H200 NVL, GPU-4bffd208-6c43-9564-d8fd-76284154138e, 14 MiB, 143771 MiB, 0 %
status=0
