{
  "interpretation": "GO requires every F17/F81 representative-layer cell to be bitwise equal to eager and to pass steady-state, p95, amortization, and memory gates. A compile result does not by itself prove GEMM-epilogue fusion.",
  "paths": [
    {
      "all_cells_go": false,
      "amortized_speedup_min": 0.009038453516251353,
      "bitwise_exact_all": false,
      "cells_expected": 6,
      "cells_go": 0,
      "cells_ok": 6,
      "decision": "NO-GO",
      "median_speedup_hmean": 0.9481579513583814,
      "median_speedup_min": 0.9107749734595292,
      "p95_speedup_min": 0.8681858170019903,
      "path": "compile_default"
    },
    {
      "all_cells_go": false,
      "amortized_speedup_min": 0.0019115696180855436,
      "bitwise_exact_all": false,
      "cells_expected": 6,
      "cells_go": 0,
      "cells_ok": 6,
      "decision": "NO-GO",
      "median_speedup_hmean": 0.9220719781917538,
      "median_speedup_min": 0.8679282136808145,
      "p95_speedup_min": 0.8591015443034459,
      "path": "compile_max-autotune"
    },
    {
      "all_cells_go": false,
      "amortized_speedup_min": 0.07742731969956176,
      "bitwise_exact_all": false,
      "cells_expected": 6,
      "cells_go": 0,
      "cells_ok": 6,
      "decision": "NO-GO",
      "median_speedup_hmean": 0.9240873986127002,
      "median_speedup_min": 0.8735700279770314,
      "p95_speedup_min": 0.8665082574900794,
      "path": "compile_reduce-overhead"
    },
    {
      "all_cells_go": false,
      "amortized_speedup_min": 0.7610993474849361,
      "bitwise_exact_all": true,
      "cells_expected": 6,
      "cells_go": 0,
      "cells_ok": 6,
      "decision": "NO-GO",
      "median_speedup_hmean": 1.022474414892758,
      "median_speedup_min": 0.9972664914207919,
      "p95_speedup_min": 0.9687802345430515,
      "path": "cuda_graph_eager_static"
    }
  ],
  "scope": "complete Wan checkpoint FFN exact-path gate",
  "thresholds": {
    "bitwise_equal_required": true,
    "max_incremental_memory_gib": 4.0,
    "min_amortized_speedup": 1.0,
    "min_median_speedup": 1.1,
    "min_p95_speedup": 1.0
  }
}
